%{
  "defaults" => %{
    "device" => %{
      "addresses" => ["dynamic"],
      "allowedNetworks" => [],
      "autoAcceptFolders" => false,
      "certName" => "",
      "compression" => "metadata",
      "deviceID" => "",
      "ignoredFolders" => [],
      "introducedBy" => "",
      "introducer" => false,
      "maxRecvKbps" => 0,
      "maxRequestKiB" => 0,
      "maxSendKbps" => 0,
      "name" => "",
      "paused" => false,
      "remoteGUIPort" => 0,
      "skipIntroductionRemovals" => false,
      "untrusted" => false
    },
    "folder" => %{
      "label" => "",
      "pullerMaxPendingKiB" => 0,
      "versioning" => %{
        "cleanupIntervalS" => 3600,
        "fsPath" => "",
        "fsType" => "basic",
        "params" => %{},
        "type" => ""
      },
      "id" => "",
      "maxConcurrentWrites" => 2,
      "junctionsAsDirs" => false,
      "copyOwnershipFromParent" => false,
      "blockPullOrder" => "standard",
      "maxConflicts" => 10,
      "copyRangeMethod" => "standard",
      "type" => "sendreceive",
      "minDiskFree" => %{"unit" => "%", "value" => 1},
      "paused" => false,
      "autoNormalize" => true,
      "order" => "random",
      "weakHashThresholdPct" => 25,
      "path" => "~",
      "ignorePerms" => false,
      "hashers" => 0,
      "caseSensitiveFS" => false,
      "scanProgressIntervalS" => 0,
      "disableSparseFiles" => false,
      "fsWatcherEnabled" => true,
      "modTimeWindowS" => 0,
      "copiers" => 0,
      "disableFsync" => false,
      "ignoreDelete" => false,
      "devices" => [
        %{
          "deviceID" => "WX4T4NO-E4PUSDW-V4PQQFM-WD6YGR2-ZDUN6VM-7FPCGMC-RMJUGUW-6O323AN",
          "encryptionPassword" => "",
          "introducedBy" => ""
        }
      ],
      "filesystemType" => "basic",
      "fsWatcherDelayS" => 10,
      "pullerPauseS" => 0,
      "markerName" => ".stfolder",
      "disableTempIndexes" => false,
      "rescanIntervalS" => 3600
    }
  },
  "devices" => [
    %{
      "addresses" => ["dynamic"],
      "allowedNetworks" => [],
      "autoAcceptFolders" => false,
      "certName" => "",
      "compression" => "metadata",
      "deviceID" => "WX4T4NO-E4PUSDW-V4PQQFM-WD6YGR2-ZDUN6VM-7FPCGMC-RMJUGUW-6O323AN",
      "ignoredFolders" => [],
      "introducedBy" => "",
      "introducer" => false,
      "maxRecvKbps" => 0,
      "maxRequestKiB" => 0,
      "maxSendKbps" => 0,
      "name" => "COLHON",
      "paused" => false,
      "remoteGUIPort" => 0,
      "skipIntroductionRemovals" => false,
      "untrusted" => false
    }
  ],
  "folders" => [
    %{
      "label" => "chernobyl",
      "pullerMaxPendingKiB" => 0,
      "versioning" => %{
        "cleanupIntervalS" => 3600,
        "fsPath" => "",
        "fsType" => "basic",
        "params" => %{},
        "type" => ""
      },
      "id" => "7n3ad-ktdaz",
      "maxConcurrentWrites" => 2,
      "junctionsAsDirs" => false,
      "copyOwnershipFromParent" => false,
      "blockPullOrder" => "standard",
      "maxConflicts" => 10,
      "copyRangeMethod" => "standard",
      "type" => "sendreceive",
      "minDiskFree" => %{"unit" => "%", "value" => 1},
      "paused" => false,
      "autoNormalize" => true,
      "order" => "random",
      "weakHashThresholdPct" => 25,
      "path" => "/home/paul/Sync/tvshows/chernobyl/",
      "ignorePerms" => false,
      "hashers" => 0,
      "caseSensitiveFS" => false,
      "scanProgressIntervalS" => 0,
      "disableSparseFiles" => false,
      "fsWatcherEnabled" => true,
      "modTimeWindowS" => 0,
      "copiers" => 0,
      "disableFsync" => false,
      "ignoreDelete" => false,
      "devices" => [
        %{
          "deviceID" => "WX4T4NO-E4PUSDW-V4PQQFM-WD6YGR2-ZDUN6VM-7FPCGMC-RMJUGUW-6O323AN",
          "encryptionPassword" => "",
          "introducedBy" => ""
        }
      ],
      "filesystemType" => "basic",
      "fsWatcherDelayS" => 10,
      "pullerPauseS" => 0,
      "markerName" => ".stfolder",
      "disableTempIndexes" => false,
      "rescanIntervalS" => 3600
    },
    %{
      "label" => "Default Folder",
      "pullerMaxPendingKiB" => 0,
      "versioning" => %{
        "cleanupIntervalS" => 3600,
        "fsPath" => "",
        "fsType" => "basic",
        "params" => %{},
        "type" => ""
      },
      "id" => "default",
      "maxConcurrentWrites" => 2,
      "junctionsAsDirs" => false,
      "copyOwnershipFromParent" => false,
      "blockPullOrder" => "standard",
      "maxConflicts" => 10,
      "copyRangeMethod" => "standard",
      "type" => "sendreceive",
      "minDiskFree" => %{"unit" => "%", "value" => 1},
      "paused" => false,
      "autoNormalize" => true,
      "order" => "random",
      "weakHashThresholdPct" => 25,
      "path" => "/home/paul/Sync",
      "ignorePerms" => false,
      "hashers" => 0,
      "caseSensitiveFS" => false,
      "scanProgressIntervalS" => 0,
      "disableSparseFiles" => false,
      "fsWatcherEnabled" => true,
      "modTimeWindowS" => 0,
      "copiers" => 0,
      "disableFsync" => false,
      "ignoreDelete" => false,
      "devices" => [
        %{
          "deviceID" => "WX4T4NO-E4PUSDW-V4PQQFM-WD6YGR2-ZDUN6VM-7FPCGMC-RMJUGUW-6O323AN",
          "encryptionPassword" => "",
          "introducedBy" => ""
        }
      ],
      "filesystemType" => "basic",
      "fsWatcherDelayS" => 10,
      "pullerPauseS" => 0,
      "markerName" => ".stfolder",
      "disableTempIndexes" => false,
      "rescanIntervalS" => 3600
    }
  ],
  "gui" => %{
    "address" => "172.17.10.216:8384",
    "apiKey" => "c7KkYqZmEwct6m9NY9Rz63iWu9ud3VNk",
    "authMode" => "static",
    "debugging" => false,
    "enabled" => true,
    "insecureAdminAccess" => false,
    "insecureAllowFrameLoading" => false,
    "insecureSkipHostcheck" => false,
    "password" => "$2a$10$NuKPg5anLx1ai3Pr4EBYCeFRKDVsOPq0LHZ2F.u0t/uih6oG.ecj2",
    "theme" => "dark",
    "unixSocketPermissions" => "",
    "useTLS" => true,
    "user" => "paul"
  },
  "ldap" => %{
    "address" => "",
    "bindDN" => "",
    "insecureSkipVerify" => false,
    "searchBaseDN" => "",
    "searchFilter" => "",
    "transport" => "plain"
  },
  "options" => %{
    "natEnabled" => true,
    "natTimeoutSeconds" => 10,
    "maxSendKbps" => 0,
    "unackedNotificationIDs" => [],
    "maxRecvKbps" => 0,
    "databaseTuning" => "auto",
    "urInitialDelayS" => 1800,
    "sendFullIndexOnUpgrade" => false,
    "maxConcurrentIncomingRequestKiB" => 0,
    "autoUpgradeIntervalH" => 12,
    "limitBandwidthInLan" => false,
    "cacheIgnoredFiles" => false,
    "listenAddresses" => ["default"],
    "upgradeToPreReleases" => false,
    "relaysEnabled" => true,
    "overwriteRemoteDeviceNamesOnConnect" => false,
    "natLeaseMinutes" => 60,
    "urURL" => "https://data.syncthing.net/newdata",
    "insecureAllowOldTLSVersions" => false,
    "natRenewalMinutes" => 30,
    "urPostInsecurely" => false,
    "minHomeDiskFree" => %{"unit" => "%", "value" => 1},
    "crURL" => "https://crash.syncthing.net/newcrash",
    "urAccepted" => 3,
    "trafficClass" => 0,
    "stunKeepaliveMinS" => 20,
    "localAnnounceMCAddr" => "[ff12::8384]:21027",
    "globalAnnounceServers" => ["default"],
    "restartOnWakeup" => true,
    "crashReportingEnabled" => true,
    "progressUpdateIntervalS" => 5,
    "alwaysLocalNets" => [],
    "reconnectionIntervalS" => 60,
    "relayReconnectIntervalM" => 10,
    "startBrowser" => true,
    "connectionLimitMax" => 0,
    "connectionLimitEnough" => 0,
    "tempIndexMinBlocks" => 10,
    "announceLANAddresses" => true,
    "urUniqueId" => "Y3Q2vvHN",
    "globalAnnounceEnabled" => true,
    "stunServers" => ["default"],
    "keepTemporariesH" => 24,
    "localAnnouncePort" => 21027,
    "localAnnounceEnabled" => true,
    "stunKeepaliveStartS" => 180,
    "releasesURL" => "https://upgrades.syncthing.net/meta.json",
    "setLowPriority" => true,
    "maxFolderConcurrency" => 0,
    "urSeen" => 3,
    "featureFlags" => []
  },
  "remoteIgnoredDevices" => [],
  "version" => 35
}